// Jest Snapshot v1, https://goo.gl/fbAQLP

exports[`HTML Output should match arrays/of-allofs.json 1`] = `"Test{1}array-all-objectsarray[object]{2}foostringbarstring"`;

exports[`HTML Output should match arrays/of-arrays.json 1`] = `"array[object]{2}barintegerfooarray[array]{0}"`;

exports[`HTML Output should match arrays/of-objects.json 1`] = `"object{1}propertyIsArrayOfObjectsarray[object]{1}ArrayObjectPropertystring"`;

exports[`HTML Output should match arrays/of-refs.json 1`] = `"$ref(./models/todo-full.json)[]Cannot dereference external references"`;

exports[`HTML Output should match arrays/with-multiple-arrayish-items.json 1`] = `"array{2}numberobject{3}codenumberrequiredmsgstringrequiredrefstring"`;

exports[`HTML Output should match arrays/with-ordered-items.json 1`] = `"array{2}numberstring"`;

exports[`HTML Output should match arrays/with-single-arrayish-items.json 1`] = `"array[object]{3}codenumberrequiredmsgstringrequiredrefstring"`;

exports[`HTML Output should match combiners/allOfs/base.json 1`] = `"object{5}AllOfMergeObjectsobject{2}Object1Propertystring>= 1 charactersObject2Propertynumber<= 2AllOfMergeValidationsstring>= 1 characters<= 2 charactersAllOfMergeTakeMoreLogicalValidationnumber<= 1AllOfMergeObjectPropertyValidationsobject{1}Propertystring>= 1 characters<= 2 charactersAllOfMergeRefsobject{4}street_addressstringrequiredcitystringrequiredstatestringrequiredzipCodestring"`;

exports[`HTML Output should match combiners/allOfs/complex.json 1`] = `"object{2}fooobject{1}userallOfobject{2}names$ref(#/allOf/0/allOf/0/properties/foo/definitions/event/allOf/0/properties/name)[]Could not resolve '#/allOf/0/allOf/0/properties/foo/definitions/event/allOf/0/properties/name'usersarray[object]{3}creationobject{1}userallOfobject{2}names$ref(#/allOf/0/allOf/0/properties/foo/definitions/event/allOf/0/properties/name)[]Could not resolve '#/allOf/0/allOf/0/properties/foo/definitions/event/allOf/0/properties/name'usersarray[object]{3}creationobject{1}userallOfobject{2}names$ref(#/allOf/0/allOf/0/properties/foo/definitions/event/allOf/0/properties/name)[]Could not resolve '#/allOf/0/allOf/0/properties/foo/definitions/event/allOf/0/properties/name'usersarray{1}foo#/allOf/0/allOf/0/properties/foo/definitions/event/allOf/0/properties/contactsCould not resolve '#/allOf/0/allOf/0/properties/foo/definitions/event/allOf/0/properties/contacts'products#/allOf/0/allOf/0/properties/foo/definitions/event/allOf/0/properties/contactsCould not resolve '#/allOf/0/allOf/0/properties/foo/definitions/event/allOf/0/properties/contacts'foo#/allOf/0/allOf/0/properties/foo/definitions/event/allOf/0/properties/contactsCould not resolve '#/allOf/0/allOf/0/properties/foo/definitions/event/allOf/0/properties/contacts'products#/allOf/0/allOf/0/properties/foo/definitions/event/allOf/0/properties/contactsCould not resolve '#/allOf/0/allOf/0/properties/foo/definitions/event/allOf/0/properties/contacts'"`;

exports[`HTML Output should match combiners/allOfs/todo-full.json 1`] = `"Todo Partial[]{7}namestringrequiredcompletedboolean or nullrequiredidintegerrequired>= 0<= 1000000completed_atstring or null<date-time>created_atstring<date-time>updated_atstring<date-time>userUser{2}requirednamestringrequiredThe user's full name.agenumberrequired>= 0<= 150"`;

exports[`HTML Output should match combiners/allOfs/todo-full-2.json 1`] = `"Todo Full{5}teststringidintegerrequired>= 0<= 1000000completed_atstring or null<date-time>created_atstring<date-time>updated_atstring<date-time>"`;

exports[`HTML Output should match combiners/allOfs/with-type.json 1`] = `"oneOfBugExample{6}An example model to demonstrate a bug.actionTypestringrequiredAllowed values:\\"Cancel\\"\\"Confirm\\"\\"Update\\"idstringrequiredThe identifier of the existing reservation.externalIdstringcalculateCostsbooleancalculateDatesbooleanitemsarray[string]requiredorBugExample{6}An example model to demonstrate a bug.actionTypestringrequiredAllowed value:\\"Create\\"idstringThe identifier of the existing reservation.externalIdstringcalculateCostsbooleancalculateDatesbooleanitemsarray[string]required"`;

exports[`HTML Output should match combiners/oneof-with-array-type.json 1`] = `"oneOfarray[object]{2}foostringAllowed value:\\"test\\"bazintegerorarray[object]{3}foonumberbazintegerbarstring"`;

exports[`HTML Output should match default-schema.json 1`] = `"User{11}namestringrequiredThe user's full name. This description can be long and should truncate once it reaches the end of the row. If it's not truncating then theres and issue that needs to be fixed. Help!Example values:\\"Example name\\"\\"Different name\\"Allowed value:\\"Constant name\\"agenumberread-onlyrequired>= 10<= 40Allowed values:10203040Default value:20Multiple of:10completed_atstring<date-time>write-onlyrequiredMatch pattern:^([0-1]?[0-9]|2[0-3]):[0-5][0-9]$itemsnull or array[string,number]This description can be long and should truncate once it reaches the end of the row. If it's not truncating then theres and issue that needs to be fixed. Help!>= 1 items<= 4 itemsemailstring<email>deprecated>= 2 charactersDefault value:\\"default@email.com\\"Example values:\\"one@email.com\\"\\"two@email.com\\"plananyOfobject{2}Example value:\\"hi\\"foostringrequiredbarstringrequired"`;

exports[`HTML Output should match formats-schema.json 1`] = `"model-with-formats{5}date-of-birthnumber or string or array<date-time>namestringidnumber<float>notype<date-time>permissionsstring or object{1}<password>idsarray[integer]"`;

exports[`HTML Output should match references/base.json 1`] = `"object{2}billing_addressobject{3}street_addressstringrequiredcitystringrequiredstatestringrequiredshipping_addressobject{3}street_addressstringrequiredcitystringrequiredstatestringrequired"`;

exports[`HTML Output should match references/nullish.json 1`] = `"objectempty-ref$ref$ref is not a string"`;

exports[`HTML Output should match tickets.schema.json 1`] = `"object{3}This section allows the selection of the ticketing options for all sales of the order.availableTicketingOptions$ref(../TicketingOptionInfo/TicketingOptionInfo.v1-0.yaml)[]List of ticketing options of the order.Cannot dereference external referencescommonTicketingOptionsarray[string]Common ticketing options to all order items.ticketingOptionChoicearray[object]{2}Ticketing option selection per order item.statestringThe status that addresses if a specific ticket option is active or not. The status active is used before ticketing or before exchange confirmation. After ticketing, the status changes in completed. This allows to store ticketing options already used at ticketing time and to clean up all non selected options after ticketing or exchanged confirmation.Allowed values:\\"COMPLETED\\"\\"ACTIVE\\"Default value:\\"ACTIVE\\"orderItemBreakdownarray[object]{2}Structure that contains ticketing options per order item.orderItemIdstring<uuid>optionsarray[object]{4}Available ticketing options for a given order item.titlestringread-onlyTicketing option short-description.Allowed values:\\"HOMEPRINT\\"\\"TICKETLESS\\"\\"PRINT_AT_KIOSK\\"\\"SECURE_PAPER\\"selectedbooleanFlag to specify which ticketing option is selected. Only one option is allowed to be selected.exampleadditionalRequiredInfostringAdditional passenger required info specific to the given ticketing option.deliveryInfoobject{5}Data for ticket delivery."`;
